172.16.0.1 - - [06/Jun/2024:13:58:44] "GET /products HTTP/1.1" 404 "-" "Mozilla/5.0 (Windows NT 10.0; Win64; x64) AppleWebKit/537.36 (KHTML, like Gecko) Chrome/58.0.3029.110 Safari/537.36"
10.0.0.1 - - [06/Jun/2024:13:57:44] "GET / HTTP/1.1" 404 "-" "Mozilla/5.0 (Macintosh; Intel Mac OS X 10_12_3) AppleWebKit/537.36 (KHTML, like Gecko) Chrome/58.0.3029.110 Safari/537.36"
192.168.1.1 - - [06/Jun/2024:13:56:44] "GET /about HTTP/1.1" 500 "-" "Mozilla/5.0 (Windows NT 10.0; Win64; x64) AppleWebKit/537.36 (KHTML, like Gecko) Chrome/58.0.3029.110 Safari/537.36"
10.0.0.1 - - [06/Jun/2024:13:56:44] "PUT / HTTP/1.1" 500 "-" "Mozilla/5.0 (Windows NT 10.0; Win64; x64) AppleWebKit/537.36 (KHTML, like Gecko) Chrome/58.0.3029.110 Safari/537.36"
172.16.0.1 - - [06/Jun/2024:13:55:44] "POST /contact HTTP/1.1" 500 "-" "Mozilla/5.0 (Macintosh; Intel Mac OS X 10_12_3) AppleWebKit/537.36 (KHTML, like Gecko) Chrome/58.0.3029.110 Safari/537.36"
10.0.0.1 - - [06/Jun/2024:13:54:44] "GET /contact HTTP/1.1" 500 "-" "Mozilla/5.0 (Macintosh; Intel Mac OS X 10_12_3) AppleWebKit/537.36 (KHTML, like Gecko) Chrome/58.0.3029.110 Safari/537.36"
192.168.1.1 - - [06/Jun/2024:13:53:44] "GET /products HTTP/1.1" 404 "-" "Mozilla/5.0 (Windows NT 10.0; Win64; x64) AppleWebKit/537.36 (KHTML, like Gecko) Chrome/58.0.3029.110 Safari/537.36"
172.16.0.1 - - [06/Jun/2024:13:53:44] "GET /contact HTTP/1.1" 500 "-" "Mozilla/5.0 (Macintosh; Intel Mac OS X 10_12_3) AppleWebKit/537.36 (KHTML, like Gecko) Chrome/58.0.3029.110 Safari/537.36"
172.16.0.1 - - [06/Jun/2024:13:52:44] "GET /products HTTP/1.1" 404 "-" "Mozilla/5.0 (Windows NT 6.1; Win64; x64) AppleWebKit/537.36 (KHTML, like Gecko) Chrome/58.0.3029.110 Safari/537.36"
10.0.0.1 - - [06/Jun/2024:13:48:44] "GET /about HTTP/1.1" 404 "-" "Mozilla/5.0 (Windows NT 6.1; Win64; x64) AppleWebKit/537.36 (KHTML, like Gecko) Chrome/58.0.3029.110 Safari/537.36"
192.168.1.1 - - [06/Jun/2024:13:46:44] "GET /about HTTP/1.1" 200 "-" "Mozilla/5.0 (Windows NT 10.0; Win64; x64) AppleWebKit/537.36 (KHTML, like Gecko) Chrome/58.0.3029.110 Safari/537.36"
172.16.0.1 - - [06/Jun/2024:13:44:44] "POST / HTTP/1.1" 404 "-" "Mozilla/5.0 (Windows NT 10.0; Win64; x64) AppleWebKit/537.36 (KHTML, like Gecko) Chrome/58.0.3029.110 Safari/537.36"
172.16.0.1 - - [06/Jun/2024:13:42:44] "GET / HTTP/1.1" 404 "-" "Mozilla/5.0 (Windows NT 6.1; Win64; x64) AppleWebKit/537.36 (KHTML, like Gecko) Chrome/58.0.3029.110 Safari/537.36"
10.0.0.1 - - [06/Jun/2024:13:42:44] "PUT /products HTTP/1.1" 200 "-" "Mozilla/5.0 (Macintosh; Intel Mac OS X 10_12_3) AppleWebKit/537.36 (KHTML, like Gecko) Chrome/58.0.3029.110 Safari/537.36"
192.168.1.1 - - [06/Jun/2024:13:40:44] "PUT /about HTTP/1.1" 500 "-" "Mozilla/5.0 (Windows NT 10.0; Win64; x64) AppleWebKit/537.36 (KHTML, like Gecko) Chrome/58.0.3029.110 Safari/537.36"
172.16.0.1 - - [06/Jun/2024:13:39:44] "GET /about HTTP/1.1" 404 "-" "Mozilla/5.0 (Windows NT 6.1; Win64; x64) AppleWebKit/537.36 (KHTML, like Gecko) Chrome/58.0.3029.110 Safari/537.36"
172.16.0.1 - - [06/Jun/2024:13:38:44] "POST /about HTTP/1.1" 200 "-" "Mozilla/5.0 (Macintosh; Intel Mac OS X 10_12_3) AppleWebKit/537.36 (KHTML, like Gecko) Chrome/58.0.3029.110 Safari/537.36"
10.0.0.1 - - [05/Jun/2024:18:58:44] "PUT /contact HTTP/1.1" 500 "-" "Mozilla/5.0 (Windows NT 6.1; Win64; x64) AppleWebKit/537.36 (KHTML, like Gecko) Chrome/58.0.3029.110 Safari/537.36"
192.168.1.1 - - [05/Jun/2024:18:56:44] "PUT /products HTTP/1.1" 404 "-" "Mozilla/5.0 (Windows NT 6.1; Win64; x64) AppleWebKit/537.36 (KHTML, like Gecko) Chrome/58.0.3029.110 Safari/537.36"
172.16.0.1 - - [05/Jun/2024:18:55:44] "POST /contact HTTP/1.1" 200 "-" "Mozilla/5.0 (Windows NT 10.0; Win64; x64) AppleWebKit/537.36 (KHTML, like Gecko) Chrome/58.0.3029.110 Safari/537.36"
172.16.0.1 - - [05/Jun/2024:18:54:44] "GET /products HTTP/1.1" 404 "-" "Mozilla/5.0 (Macintosh; Intel Mac OS X 10_12_3) AppleWebKit/537.36 (KHTML, like Gecko) Chrome/58.0.3029.110 Safari/537.36"
192.168.1.1 - - [05/Jun/2024:18:53:44] "POST /contact HTTP/1.1" 200 "-" "Mozilla/5.0 (Windows NT 10.0; Win64; x64) AppleWebKit/537.36 (KHTML, like Gecko) Chrome/58.0.3029.110 Safari/537.36"
192.168.1.1 - - [05/Jun/2024:18:52:44] "POST /contact HTTP/1.1" 500 "-" "Mozilla/5.0 (Windows NT 6.1; Win64; x64) AppleWebKit/537.36 (KHTML, like Gecko) Chrome/58.0.3029.110 Safari/537.36"
172.16.0.1 - - [05/Jun/2024:18:51:44] "PUT /products HTTP/1.1" 200 "-" "Mozilla/5.0 (Windows NT 10.0; Win64; x64) AppleWebKit/537.36 (KHTML, like Gecko) Chrome/58.0.3029.110 Safari/537.36"
10.0.0.1 - - [05/Jun/2024:18:50:44] "PUT /contact HTTP/1.1" 404 "-" "Mozilla/5.0 (Windows NT 6.1; Win64; x64) AppleWebKit/537.36 (KHTML, like Gecko) Chrome/58.0.3029.110 Safari/537.36"
192.168.1.1 - - [05/Jun/2024:18:49:44] "PUT /products HTTP/1.1" 500 "-" "Mozilla/5.0 (Windows NT 6.1; Win64; x64) AppleWebKit/537.36 (KHTML, like Gecko) Chrome/58.0.3029.110 Safari/537.36"
192.168.1.1 - - [05/Jun/2024:18:48:44] "PUT / HTTP/1.1" 500 "-" "Mozilla/5.0 (Windows NT 10.0; Win64; x64) AppleWebKit/537.36 (KHTML, like Gecko) Chrome/58.0.3029.110 Safari/537.36"
10.0.0.1 - - [05/Jun/2024:17:59:44] "PUT / HTTP/1.1" 404 "-" "Mozilla/5.0 (Windows NT 10.0; Win64; x64) AppleWebKit/537.36 (KHTML, like Gecko) Chrome/58.0.3029.110 Safari/537.36"
172.16.0.1 - - [05/Jun/2024:17:58:44] "GET / HTTP/1.1" 200 "-" "Mozilla/5.0 (Windows NT 10.0; Win64; x64) AppleWebKit/537.36 (KHTML, like Gecko) Chrome/58.0.3029.110 Safari/537.36"
192.168.1.1 - - [05/Jun/2024:17:57:44] "GET /products HTTP/1.1" 404 "-" "Mozilla/5.0 (Windows NT 6.1; Win64; x64) AppleWebKit/537.36 (KHTML, like Gecko) Chrome/58.0.3029.110 Safari/537.36"
172.16.0.1 - - [05/Jun/2024:17:56:44] "GET /products HTTP/1.1" 404 "-" "Mozilla/5.0 (Windows NT 6.1; Win64; x64) AppleWebKit/537.36 (KHTML, like Gecko) Chrome/58.0.3029.110 Safari/537.36"
172.16.0.1 - - [05/Jun/2024:17:55:44] "GET /about HTTP/1.1" 200 "-" "Mozilla/5.0 (Windows NT 10.0; Win64; x64) AppleWebKit/537.36 (KHTML, like Gecko) Chrome/58.0.3029.110 Safari/537.36"
172.16.0.1 - - [05/Jun/2024:17:54:44] "GET /about HTTP/1.1" 500 "-" "Mozilla/5.0 (Windows NT 10.0; Win64; x64) AppleWebKit/537.36 (KHTML, like Gecko) Chrome/58.0.3029.110 Safari/537.36"
10.0.0.1 - - [05/Jun/2024:17:53:44] "PUT / HTTP/1.1" 500 "-" "Mozilla/5.0 (Windows NT 6.1; Win64; x64) AppleWebKit/537.36 (KHTML, like Gecko) Chrome/58.0.3029.110 Safari/537.36"
10.0.0.1 - - [05/Jun/2024:17:52:44] "POST / HTTP/1.1" 200 "-" "Mozilla/5.0 (Windows NT 6.1; Win64; x64) AppleWebKit/537.36 (KHTML, like Gecko) Chrome/58.0.3029.110 Safari/537.36"
172.16.0.1 - - [05/Jun/2024:16:58:44] "PUT / HTTP/1.1" 200 "-" "Mozilla/5.0 (Macintosh; Intel Mac OS X 10_12_3) AppleWebKit/537.36 (KHTML, like Gecko) Chrome/58.0.3029.110 Safari/537.36"
192.168.1.1 - - [05/Jun/2024:16:57:44] "POST / HTTP/1.1" 200 "-" "Mozilla/5.0 (Macintosh; Intel Mac OS X 10_12_3) AppleWebKit/537.36 (KHTML, like Gecko) Chrome/58.0.3029.110 Safari/537.36"
192.168.1.1 - - [05/Jun/2024:16:56:44] "GET / HTTP/1.1" 500 "-" "Mozilla/5.0 (Windows NT 10.0; Win64; x64) AppleWebKit/537.36 (KHTML, like Gecko) Chrome/58.0.3029.110 Safari/537.36"
192.168.1.1 - - [05/Jun/2024:16:55:44] "POST /products HTTP/1.1" 200 "-" "Mozilla/5.0 (Macintosh; Intel Mac OS X 10_12_3) AppleWebKit/537.36 (KHTML, like Gecko) Chrome/58.0.3029.110 Safari/537.36"
172.16.0.1 - - [05/Jun/2024:16:54:44] "GET / HTTP/1.1" 404 "-" "Mozilla/5.0 (Macintosh; Intel Mac OS X 10_12_3) AppleWebKit/537.36 (KHTML, like Gecko) Chrome/58.0.3029.110 Safari/537.36"
172.16.0.1 - - [05/Jun/2024:16:53:44] "PUT /about HTTP/1.1" 500 "-" "Mozilla/5.0 (Windows NT 10.0; Win64; x64) AppleWebKit/537.36 (KHTML, like Gecko) Chrome/58.0.3029.110 Safari/537.36"
10.0.0.1 - - [05/Jun/2024:16:52:44] "GET / HTTP/1.1" 404 "-" "Mozilla/5.0 (Windows NT 6.1; Win64; x64) AppleWebKit/537.36 (KHTML, like Gecko) Chrome/58.0.3029.110 Safari/537.36"
192.168.1.1 - - [05/Jun/2024:16:51:44] "GET /contact HTTP/1.1" 200 "-" "Mozilla/5.0 (Windows NT 10.0; Win64; x64) AppleWebKit/537.36 (KHTML, like Gecko) Chrome/58.0.3029.110 Safari/537.36"
10.0.0.1 - - [05/Jun/2024:16:50:44] "GET /contact HTTP/1.1" 500 "-" "Mozilla/5.0 (Windows NT 10.0; Win64; x64) AppleWebKit/537.36 (KHTML, like Gecko) Chrome/58.0.3029.110 Safari/537.36"
172.16.0.1 - - [05/Jun/2024:16:45:44] "POST /about HTTP/1.1" 500 "-" "Mozilla/5.0 (Windows NT 10.0; Win64; x64) AppleWebKit/537.36 (KHTML, like Gecko) Chrome/58.0.3029.110 Safari/537.36"
192.168.1.1 - - [05/Jun/2024:16:33:44] "POST /products HTTP/1.1" 404 "-" "Mozilla/5.0 (Windows NT 10.0; Win64; x64) AppleWebKit/537.36 (KHTML, like Gecko) Chrome/58.0.3029.110 Safari/537.36"
10.0.0.1 - - [05/Jun/2024:15:58:44] "GET /about HTTP/1.1" 200 "-" "Mozilla/5.0 (Windows NT 6.1; Win64; x64) AppleWebKit/537.36 (KHTML, like Gecko) Chrome/58.0.3029.110 Safari/537.36"
10.0.0.1 - - [05/Jun/2024:15:57:44] "PUT /contact HTTP/1.1" 404 "-" "Mozilla/5.0 (Windows NT 6.1; Win64; x64) AppleWebKit/537.36 (KHTML, like Gecko) Chrome/58.0.3029.110 Safari/537.36"
10.0.0.1 - - [05/Jun/2024:15:56:44] "GET /products HTTP/1.1" 404 "-" "Mozilla/5.0 (Windows NT 10.0; Win64; x64) AppleWebKit/537.36 (KHTML, like Gecko) Chrome/58.0.3029.110 Safari/537.36"
192.168.1.1 - - [05/Jun/2024:15:55:44] "GET /about HTTP/1.1" 200 "-" "Mozilla/5.0 (Windows NT 6.1; Win64; x64) AppleWebKit/537.36 (KHTML, like Gecko) Chrome/58.0.3029.110 Safari/537.36"
192.168.1.1 - - [05/Jun/2024:15:54:44] "POST / HTTP/1.1" 404 "-" "Mozilla/5.0 (Windows NT 6.1; Win64; x64) AppleWebKit/537.36 (KHTML, like Gecko) Chrome/58.0.3029.110 Safari/537.36"
192.168.1.1 - - [05/Jun/2024:15:53:44] "PUT / HTTP/1.1" 200 "-" "Mozilla/5.0 (Windows NT 6.1; Win64; x64) AppleWebKit/537.36 (KHTML, like Gecko) Chrome/58.0.3029.110 Safari/537.36"
172.16.0.1 - - [05/Jun/2024:15:52:44] "POST /contact HTTP/1.1" 500 "-" "Mozilla/5.0 (Windows NT 6.1; Win64; x64) AppleWebKit/537.36 (KHTML, like Gecko) Chrome/58.0.3029.110 Safari/537.36"
10.0.0.1 - - [05/Jun/2024:15:51:44] "GET / HTTP/1.1" 404 "-" "Mozilla/5.0 (Macintosh; Intel Mac OS X 10_12_3) AppleWebKit/537.36 (KHTML, like Gecko) Chrome/58.0.3029.110 Safari/537.36"
172.16.0.1 - - [05/Jun/2024:15:50:44] "GET /about HTTP/1.1" 500 "-" "Mozilla/5.0 (Macintosh; Intel Mac OS X 10_12_3) AppleWebKit/537.36 (KHTML, like Gecko) Chrome/58.0.3029.110 Safari/537.36"
172.16.0.1 - - [05/Jun/2024:15:49:44] "GET /products HTTP/1.1" 500 "-" "Mozilla/5.0 (Windows NT 10.0; Win64; x64) AppleWebKit/537.36 (KHTML, like Gecko) Chrome/58.0.3029.110 Safari/537.36"
10.0.0.1 - - [05/Jun/2024:15:33:44] "GET /contact HTTP/1.1" 200 "-" "Mozilla/5.0 (Windows NT 10.0; Win64; x64) AppleWebKit/537.36 (KHTML, like Gecko) Chrome/58.0.3029.110 Safari/537.36"
192.168.1.1 - - [05/Jun/2024:15:32:44] "GET / HTTP/1.1" 200 "-" "Mozilla/5.0 (Windows NT 6.1; Win64; x64) AppleWebKit/537.36 (KHTML, like Gecko) Chrome/58.0.3029.110 Safari/537.36"
10.0.0.1 - - [05/Jun/2024:15:28:44] "GET /products HTTP/1.1" 404 "-" "Mozilla/5.0 (Windows NT 6.1; Win64; x64) AppleWebKit/537.36 (KHTML, like Gecko) Chrome/58.0.3029.110 Safari/537.36"
192.168.1.1 - - [05/Jun/2024:14:58:44] "POST / HTTP/1.1" 200 "-" "Mozilla/5.0 (Windows NT 10.0; Win64; x64) AppleWebKit/537.36 (KHTML, like Gecko) Chrome/58.0.3029.110 Safari/537.36"
192.168.1.1 - - [05/Jun/2024:14:57:44] "GET /products HTTP/1.1" 500 "-" "Mozilla/5.0 (Macintosh; Intel Mac OS X 10_12_3) AppleWebKit/537.36 (KHTML, like Gecko) Chrome/58.0.3029.110 Safari/537.36"
172.16.0.1 - - [05/Jun/2024:13:56:44] "PUT /contact HTTP/1.1" 404 "-" "Mozilla/5.0 (Macintosh; Intel Mac OS X 10_12_3) AppleWebKit/537.36 (KHTML, like Gecko) Chrome/58.0.3029.110 Safari/537.36"
10.0.0.1 - - [04/Jun/2024:13:59:44] "POST /about HTTP/1.1" 200 "-" "Mozilla/5.0 (Windows NT 6.1; Win64; x64) AppleWebKit/537.36 (KHTML, like Gecko) Chrome/58.0.3029.110 Safari/537.36"
10.0.0.1 - - [04/Jun/2024:13:58:44] "PUT /contact HTTP/1.1" 404 "-" "Mozilla/5.0 (Windows NT 10.0; Win64; x64) AppleWebKit/537.36 (KHTML, like Gecko) Chrome/58.0.3029.110 Safari/537.36"
10.0.0.1 - - [04/Jun/2024:13:57:44] "POST /contact HTTP/1.1" 500 "-" "Mozilla/5.0 (Windows NT 10.0; Win64; x64) AppleWebKit/537.36 (KHTML, like Gecko) Chrome/58.0.3029.110 Safari/537.36"
10.0.0.1 - - [04/Jun/2024:13:56:44] "GET /contact HTTP/1.1" 404 "-" "Mozilla/5.0 (Macintosh; Intel Mac OS X 10_12_3) AppleWebKit/537.36 (KHTML, like Gecko) Chrome/58.0.3029.110 Safari/537.36"
10.0.0.1 - - [04/Jun/2024:13:55:44] "GET /about HTTP/1.1" 200 "-" "Mozilla/5.0 (Macintosh; Intel Mac OS X 10_12_3) AppleWebKit/537.36 (KHTML, like Gecko) Chrome/58.0.3029.110 Safari/537.36"
10.0.0.1 - - [04/Jun/2024:13:52:44] "POST /products HTTP/1.1" 200 "-" "Mozilla/5.0 (Windows NT 10.0; Win64; x64) AppleWebKit/537.36 (KHTML, like Gecko) Chrome/58.0.3029.110 Safari/537.36"
172.16.0.1 - - [04/Jun/2024:13:51:44] "PUT /products HTTP/1.1" 200 "-" "Mozilla/5.0 (Macintosh; Intel Mac OS X 10_12_3) AppleWebKit/537.36 (KHTML, like Gecko) Chrome/58.0.3029.110 Safari/537.36"
10.0.0.1 - - [04/Jun/2024:13:48:44] "GET /contact HTTP/1.1" 200 "-" "Mozilla/5.0 (Macintosh; Intel Mac OS X 10_12_3) AppleWebKit/537.36 (KHTML, like Gecko) Chrome/58.0.3029.110 Safari/537.36"
192.168.1.1 - - [04/Jun/2024:13:47:44] "POST /contact HTTP/1.1" 500 "-" "Mozilla/5.0 (Windows NT 10.0; Win64; x64) AppleWebKit/537.36 (KHTML, like Gecko) Chrome/58.0.3029.110 Safari/537.36"
10.0.0.1 - - [04/Jun/2024:13:45:44] "POST / HTTP/1.1" 200 "-" "Mozilla/5.0 (Macintosh; Intel Mac OS X 10_12_3) AppleWebKit/537.36 (KHTML, like Gecko) Chrome/58.0.3029.110 Safari/537.36"
10.0.0.1 - - [04/Jun/2024:12:58:44] "POST /about HTTP/1.1" 500 "-" "Mozilla/5.0 (Windows NT 10.0; Win64; x64) AppleWebKit/537.36 (KHTML, like Gecko) Chrome/58.0.3029.110 Safari/537.36"
192.168.1.1 - - [04/Jun/2024:12:57:44] "POST / HTTP/1.1" 404 "-" "Mozilla/5.0 (Macintosh; Intel Mac OS X 10_12_3) AppleWebKit/537.36 (KHTML, like Gecko) Chrome/58.0.3029.110 Safari/537.36"
192.168.1.1 - - [04/Jun/2024:12:56:44] "GET /products HTTP/1.1" 404 "-" "Mozilla/5.0 (Macintosh; Intel Mac OS X 10_12_3) AppleWebKit/537.36 (KHTML, like Gecko) Chrome/58.0.3029.110 Safari/537.36"
192.168.1.1 - - [04/Jun/2024:12:55:44] "GET /about HTTP/1.1" 404 "-" "Mozilla/5.0 (Windows NT 6.1; Win64; x64) AppleWebKit/537.36 (KHTML, like Gecko) Chrome/58.0.3029.110 Safari/537.36"
10.0.0.1 - - [04/Jun/2024:12:54:44] "GET /contact HTTP/1.1" 500 "-" "Mozilla/5.0 (Windows NT 6.1; Win64; x64) AppleWebKit/537.36 (KHTML, like Gecko) Chrome/58.0.3029.110 Safari/537.36"
10.0.0.1 - - [04/Jun/2024:12:53:44] "POST /products HTTP/1.1" 200 "-" "Mozilla/5.0 (Windows NT 6.1; Win64; x64) AppleWebKit/537.36 (KHTML, like Gecko) Chrome/58.0.3029.110 Safari/537.36"
172.16.0.1 - - [04/Jun/2024:12:52:44] "PUT /contact HTTP/1.1" 404 "-" "Mozilla/5.0 (Windows NT 10.0; Win64; x64) AppleWebKit/537.36 (KHTML, like Gecko) Chrome/58.0.3029.110 Safari/537.36"
10.0.0.1 - - [04/Jun/2024:12:51:44] "POST /products HTTP/1.1" 500 "-" "Mozilla/5.0 (Windows NT 10.0; Win64; x64) AppleWebKit/537.36 (KHTML, like Gecko) Chrome/58.0.3029.110 Safari/537.36"
172.16.0.1 - - [04/Jun/2024:12:50:44] "GET /about HTTP/1.1" 500 "-" "Mozilla/5.0 (Macintosh; Intel Mac OS X 10_12_3) AppleWebKit/537.36 (KHTML, like Gecko) Chrome/58.0.3029.110 Safari/537.36"
10.0.0.1 - - [04/Jun/2024:12:49:44] "PUT /about HTTP/1.1" 200 "-" "Mozilla/5.0 (Windows NT 10.0; Win64; x64) AppleWebKit/537.36 (KHTML, like Gecko) Chrome/58.0.3029.110 Safari/537.36"
10.0.0.1 - - [04/Jun/2024:12:46:44] "GET /about HTTP/1.1" 200 "-" "Mozilla/5.0 (Windows NT 10.0; Win64; x64) AppleWebKit/537.36 (KHTML, like Gecko) Chrome/58.0.3029.110 Safari/537.36"
192.168.1.1 - - [04/Jun/2024:12:33:44] "PUT /about HTTP/1.1" 200 "-" "Mozilla/5.0 (Windows NT 6.1; Win64; x64) AppleWebKit/537.36 (KHTML, like Gecko) Chrome/58.0.3029.110 Safari/537.36"
172.16.0.1 - - [04/Jun/2024:11:58:44] "GET /products HTTP/1.1" 404 "-" "Mozilla/5.0 (Windows NT 6.1; Win64; x64) AppleWebKit/537.36 (KHTML, like Gecko) Chrome/58.0.3029.110 Safari/537.36"
172.16.0.1 - - [04/Jun/2024:11:57:44] "GET / HTTP/1.1" 500 "-" "Mozilla/5.0 (Macintosh; Intel Mac OS X 10_12_3) AppleWebKit/537.36 (KHTML, like Gecko) Chrome/58.0.3029.110 Safari/537.36"
192.168.1.1 - - [04/Jun/2024:11:56:44] "POST /about HTTP/1.1" 404 "-" "Mozilla/5.0 (Windows NT 6.1; Win64; x64) AppleWebKit/537.36 (KHTML, like Gecko) Chrome/58.0.3029.110 Safari/537.36"
172.16.0.1 - - [04/Jun/2024:11:55:44] "POST /contact HTTP/1.1" 404 "-" "Mozilla/5.0 (Windows NT 6.1; Win64; x64) AppleWebKit/537.36 (KHTML, like Gecko) Chrome/58.0.3029.110 Safari/537.36"
192.168.1.1 - - [04/Jun/2024:11:53:44] "GET /contact HTTP/1.1" 500 "-" "Mozilla/5.0 (Windows NT 10.0; Win64; x64) AppleWebKit/537.36 (KHTML, like Gecko) Chrome/58.0.3029.110 Safari/537.36"
172.16.0.1 - - [04/Jun/2024:11:52:44] "POST /contact HTTP/1.1" 200 "-" "Mozilla/5.0 (Windows NT 10.0; Win64; x64) AppleWebKit/537.36 (KHTML, like Gecko) Chrome/58.0.3029.110 Safari/537.36"
192.168.1.1 - - [04/Jun/2024:11:50:44] "PUT /about HTTP/1.1" 404 "-" "Mozilla/5.0 (Macintosh; Intel Mac OS X 10_12_3) AppleWebKit/537.36 (KHTML, like Gecko) Chrome/58.0.3029.110 Safari/537.36"
192.168.1.1 - - [04/Jun/2024:10:58:44] "PUT /contact HTTP/1.1" 500 "-" "Mozilla/5.0 (Macintosh; Intel Mac OS X 10_12_3) AppleWebKit/537.36 (KHTML, like Gecko) Chrome/58.0.3029.110 Safari/537.36"
192.168.1.1 - - [04/Jun/2024:10:57:44] "GET /about HTTP/1.1" 500 "-" "Mozilla/5.0 (Macintosh; Intel Mac OS X 10_12_3) AppleWebKit/537.36 (KHTML, like Gecko) Chrome/58.0.3029.110 Safari/537.36"
172.16.0.1 - - [04/Jun/2024:10:56:44] "POST /products HTTP/1.1" 500 "-" "Mozilla/5.0 (Windows NT 6.1; Win64; x64) AppleWebKit/537.36 (KHTML, like Gecko) Chrome/58.0.3029.110 Safari/537.36"
10.0.0.1 - - [04/Jun/2024:10:55:44] "PUT /about HTTP/1.1" 200 "-" "Mozilla/5.0 (Windows NT 6.1; Win64; x64) AppleWebKit/537.36 (KHTML, like Gecko) Chrome/58.0.3029.110 Safari/537.36"
172.16.0.1 - - [04/Jun/2024:10:54:44] "GET / HTTP/1.1" 200 "-" "Mozilla/5.0 (Macintosh; Intel Mac OS X 10_12_3) AppleWebKit/537.36 (KHTML, like Gecko) Chrome/58.0.3029.110 Safari/537.36"
10.0.0.1 - - [04/Jun/2024:10:53:44] "GET /about HTTP/1.1" 500 "-" "Mozilla/5.0 (Windows NT 10.0; Win64; x64) AppleWebKit/537.36 (KHTML, like Gecko) Chrome/58.0.3029.110 Safari/537.36"
192.168.1.1 - - [04/Jun/2024:10:52:44] "GET /products HTTP/1.1" 200 "-" "Mozilla/5.0 (Windows NT 6.1; Win64; x64) AppleWebKit/537.36 (KHTML, like Gecko) Chrome/58.0.3029.110 Safari/537.36"
172.16.0.1 - - [04/Jun/2024:10:51:44] "POST /about HTTP/1.1" 500 "-" "Mozilla/5.0 (Windows NT 10.0; Win64; x64) AppleWebKit/537.36 (KHTML, like Gecko) Chrome/58.0.3029.110 Safari/537.36"
172.16.0.1 - - [04/Jun/2024:10:50:44] "GET /about HTTP/1.1" 500 "-" "Mozilla/5.0 (Windows NT 6.1; Win64; x64) AppleWebKit/537.36 (KHTML, like Gecko) Chrome/58.0.3029.110 Safari/537.36"
